2026-05-04 03:57:09 | STDOUT | 2026-05-04 03:57:09,863 | INFO | Run root: runs/selective_synth_cond_var/20260504_035709
2026-05-04 03:57:09 | STDOUT | 2026-05-04 03:57:09,863 | INFO | Config saved to runs/selective_synth_cond_var/20260504_035709/config.json
2026-05-04 03:57:17 | STDOUT | Running Selective Prediction experiment...
2026-05-04 03:57:17 | STDOUT | [PHASE: Dataset Preparation] Starting...
2026-05-04 03:57:53 | STDOUT | [PHASE: Dataset Preparation] Complete
2026-05-04 03:57:53 | STDOUT | [PHASE: Model Training] Starting...
2026-05-04 03:57:53 | STDOUT |   Fitting ensemble with 10 members...
2026-05-04 03:57:55 | STDOUT |     Member 1/10 fitted
2026-05-04 03:57:55 | STDOUT |     Member 2/10 fitted
2026-05-04 03:57:55 | STDOUT |     Member 3/10 fitted
2026-05-04 03:57:55 | STDOUT |     Member 4/10 fitted
2026-05-04 03:57:55 | STDOUT |     Member 5/10 fitted
2026-05-04 03:57:55 | STDOUT |     Member 6/10 fitted
2026-05-04 03:57:55 | STDOUT |     Member 7/10 fitted
2026-05-04 03:57:55 | STDOUT |     Member 8/10 fitted
2026-05-04 03:57:55 | STDOUT |     Member 9/10 fitted
2026-05-04 03:57:55 | STDOUT |     Member 10/10 fitted
2026-05-04 03:57:55 | STDOUT |   [OK] Ensemble fitting complete
2026-05-04 04:06:11 | STDOUT | [PHASE: Model Training] Complete [OK]
2026-05-04 04:09:25 | STDOUT | Uncertainty config: {'measures': [{'name': 'differential_entropy', 'params': {'decomposition': 'total', 'label': 'differential_entropy_total'}}, {'name': 'differential_entropy', 'params': {'decomposition': 'aleatoric', 'label': 'differential_entropy_aleatoric'}}, {'name': 'differential_entropy', 'params': {'decomposition': 'epistemic', 'label': 'differential_entropy_epistemic'}}, {'name': 'variance', 'params': {'decomposition': 'total', 'label': 'variance_total'}}, {'name': 'variance', 'params': {'decomposition': 'aleatoric', 'label': 'variance_aleatoric'}}, {'name': 'variance', 'params': {'decomposition': 'epistemic', 'label': 'variance_epistemic'}}, {'name': 'alpha_volume', 'params': {'decomposition': 'total', 'label': 'alpha_volume_total_5%', 'alpha': 0.05}}, {'name': 'alpha_volume', 'params': {'decomposition': 'aleatoric', 'label': 'alpha_volume_aleatoric_5%', 'alpha': 0.05}}, {'name': 'alpha_volume', 'params': {'decomposition': 'epistemic', 'label': 'alpha_volume_epistemic_5%', 'alpha': 0.05, 'mc_n_samples': 100000}}, {'name': 'integrated_volume', 'params': {'decomposition': 'total', 'scope': 'global', 'label': 'integrated_volume_total', 'n_alpha': 10}}, {'name': 'integrated_volume', 'params': {'decomposition': 'aleatoric', 'scope': 'global', 'label': 'integrated_volume_aleatoric', 'n_alpha': 10}}, {'name': 'integrated_volume', 'params': {'decomposition': 'epistemic', 'scope': 'global', 'label': 'integrated_volume_epistemic', 'mc_n_samples': 100000, 'n_alpha': 10}}]}
2026-05-04 04:09:25 | STDOUT | [PHASE: Uncertainty Scoring] Starting... (12 measures)
2026-05-04 04:09:25 | STDOUT |   Computing uncertainty measure: differential_entropy_total (differential_entropy)
2026-05-04 04:12:37 | STDOUT |   [OK] differential_entropy_total complete
2026-05-04 04:12:37 | STDOUT |   Computing uncertainty measure: differential_entropy_aleatoric (differential_entropy)
2026-05-04 04:14:15 | STDOUT |   [OK] differential_entropy_aleatoric complete
2026-05-04 04:14:15 | STDOUT |   Computing uncertainty measure: differential_entropy_epistemic (differential_entropy)
2026-05-04 04:18:03 | STDOUT |   [OK] differential_entropy_epistemic complete
2026-05-04 04:18:03 | STDOUT |   Computing uncertainty measure: variance_total (variance)
2026-05-04 04:21:15 | STDOUT |   [OK] variance_total complete
2026-05-04 04:21:15 | STDOUT |   Computing uncertainty measure: variance_aleatoric (variance)
2026-05-04 04:22:53 | STDOUT |   [OK] variance_aleatoric complete
2026-05-04 04:22:53 | STDOUT |   Computing uncertainty measure: variance_epistemic (variance)
2026-05-04 04:26:05 | STDOUT |   [OK] variance_epistemic complete
2026-05-04 04:26:05 | STDOUT |   Computing uncertainty measure: alpha_volume_total_5% (alpha_volume)
2026-05-04 04:29:18 | STDOUT |   [OK] alpha_volume_total_5% complete
2026-05-04 04:29:18 | STDOUT |   Computing uncertainty measure: alpha_volume_aleatoric_5% (alpha_volume)
2026-05-04 04:30:56 | STDOUT |   [OK] alpha_volume_aleatoric_5% complete
2026-05-04 04:30:56 | STDOUT |   Computing uncertainty measure: alpha_volume_epistemic_5% (alpha_volume)
2026-05-04 05:03:58 | STDOUT |   [OK] alpha_volume_epistemic_5% complete
2026-05-04 05:03:58 | STDOUT |   Computing uncertainty measure: integrated_volume_total (integrated_volume)
2026-05-04 10:11:56 | STDOUT |   [OK] integrated_volume_total complete
2026-05-04 10:11:56 | STDOUT |   Computing uncertainty measure: integrated_volume_aleatoric (integrated_volume)
2026-05-04 10:13:59 | STDOUT |   [OK] integrated_volume_aleatoric complete
2026-05-04 10:13:59 | STDOUT |   Computing uncertainty measure: integrated_volume_epistemic (integrated_volume)
2026-05-04 13:48:04 | STDOUT |   [OK] integrated_volume_epistemic complete
2026-05-04 13:48:04 | STDOUT | [PHASE: Uncertainty Scoring] Complete [OK]
2026-05-04 13:48:04 | STDOUT | [PHASE: Correlation Analysis] Starting...
2026-05-04 13:48:05 | STDOUT | [PHASE: Correlation Analysis] Complete [OK]
2026-05-04 13:48:05 | STDOUT | [PHASE: Selective Analysis] Starting...
2026-05-04 13:48:05 | STDOUT | [PHASE: Selective Analysis] Output directory: runs/selective_synth_cond_var/20260504_035709
2026-05-04 13:48:05 | STDOUT | Test: selective.py, compute_selective_curve() - test prints
2026-05-04 13:48:09 | STDOUT | Test: selective.py, compute_selective_curve() - test prints
2026-05-04 13:48:13 | STDOUT | Test: selective.py, compute_selective_curve() - test prints
2026-05-04 13:49:11 | STDOUT | Test: selective.py, compute_selective_curve() - test prints
2026-05-04 13:50:09 | STDOUT | Test: selective.py, compute_selective_curve() - test prints
2026-05-04 13:51:19 | STDOUT | Test: selective.py, compute_selective_curve() - test prints
2026-05-04 13:52:28 | STDOUT | Test: selective.py, compute_selective_curve() - test prints
2026-05-04 13:52:32 | STDOUT | Test: selective.py, compute_selective_curve() - test prints
2026-05-04 13:52:36 | STDOUT | Test: selective.py, compute_selective_curve() - test prints
2026-05-04 13:53:34 | STDOUT | Test: selective.py, compute_selective_curve() - test prints
2026-05-04 13:54:32 | STDOUT | Test: selective.py, compute_selective_curve() - test prints
2026-05-04 13:55:42 | STDOUT | Test: selective.py, compute_selective_curve() - test prints
2026-05-04 13:56:52 | STDOUT | Test: selective.py, compute_selective_curve() - test prints
2026-05-04 13:56:56 | STDOUT | Test: selective.py, compute_selective_curve() - test prints
2026-05-04 13:56:59 | STDOUT | Test: selective.py, compute_selective_curve() - test prints
2026-05-04 13:57:58 | STDOUT | Test: selective.py, compute_selective_curve() - test prints
2026-05-04 13:58:56 | STDOUT | Test: selective.py, compute_selective_curve() - test prints
2026-05-04 14:00:05 | STDOUT | Test: selective.py, compute_selective_curve() - test prints
2026-05-04 14:01:15 | STDOUT | Test: selective.py, compute_selective_curve() - test prints
2026-05-04 14:01:19 | STDOUT | Test: selective.py, compute_selective_curve() - test prints
2026-05-04 14:01:23 | STDOUT | Test: selective.py, compute_selective_curve() - test prints
2026-05-04 14:02:21 | STDOUT | Test: selective.py, compute_selective_curve() - test prints
2026-05-04 14:03:18 | STDOUT | Test: selective.py, compute_selective_curve() - test prints
2026-05-04 14:04:28 | STDOUT | Test: selective.py, compute_selective_curve() - test prints
2026-05-04 14:05:37 | STDOUT | Test: selective.py, compute_selective_curve() - test prints
2026-05-04 14:05:41 | STDOUT | Test: selective.py, compute_selective_curve() - test prints
2026-05-04 14:05:45 | STDOUT | Test: selective.py, compute_selective_curve() - test prints
2026-05-04 14:06:45 | STDOUT | Test: selective.py, compute_selective_curve() - test prints
2026-05-04 14:07:49 | STDOUT | Test: selective.py, compute_selective_curve() - test prints
2026-05-04 14:09:06 | STDOUT | Test: selective.py, compute_selective_curve() - test prints
2026-05-04 14:10:22 | STDOUT | Test: selective.py, compute_selective_curve() - test prints
2026-05-04 14:10:27 | STDOUT | Test: selective.py, compute_selective_curve() - test prints
2026-05-04 14:10:31 | STDOUT | Test: selective.py, compute_selective_curve() - test prints
2026-05-04 14:11:34 | STDOUT | Test: selective.py, compute_selective_curve() - test prints
2026-05-04 14:12:38 | STDOUT | Test: selective.py, compute_selective_curve() - test prints
2026-05-04 14:13:48 | STDOUT | Test: selective.py, compute_selective_curve() - test prints
2026-05-04 14:14:58 | STDOUT | Test: selective.py, compute_selective_curve() - test prints
2026-05-04 14:15:02 | STDOUT | Test: selective.py, compute_selective_curve() - test prints
2026-05-04 14:15:05 | STDOUT | Test: selective.py, compute_selective_curve() - test prints
2026-05-04 14:16:03 | STDOUT | Test: selective.py, compute_selective_curve() - test prints
2026-05-04 14:17:01 | STDOUT | Test: selective.py, compute_selective_curve() - test prints
2026-05-04 14:18:10 | STDOUT | Test: selective.py, compute_selective_curve() - test prints
2026-05-04 14:19:20 | STDOUT | Test: selective.py, compute_selective_curve() - test prints
2026-05-04 14:19:24 | STDOUT | Test: selective.py, compute_selective_curve() - test prints
2026-05-04 14:19:27 | STDOUT | Test: selective.py, compute_selective_curve() - test prints
2026-05-04 14:20:25 | STDOUT | Test: selective.py, compute_selective_curve() - test prints
2026-05-04 14:21:22 | STDOUT | Test: selective.py, compute_selective_curve() - test prints
2026-05-04 14:22:32 | STDOUT | Test: selective.py, compute_selective_curve() - test prints
2026-05-04 14:23:41 | STDOUT | Test: selective.py, compute_selective_curve() - test prints
2026-05-04 14:23:45 | STDOUT | Test: selective.py, compute_selective_curve() - test prints
2026-05-04 14:23:49 | STDOUT | Test: selective.py, compute_selective_curve() - test prints
2026-05-04 14:24:47 | STDOUT | Test: selective.py, compute_selective_curve() - test prints
2026-05-04 14:25:44 | STDOUT | Test: selective.py, compute_selective_curve() - test prints
2026-05-04 14:26:54 | STDOUT | Test: selective.py, compute_selective_curve() - test prints
2026-05-04 14:28:03 | STDOUT | Test: selective.py, compute_selective_curve() - test prints
2026-05-04 14:28:07 | STDOUT | Test: selective.py, compute_selective_curve() - test prints
2026-05-04 14:28:11 | STDOUT | Test: selective.py, compute_selective_curve() - test prints
2026-05-04 14:29:09 | STDOUT | Test: selective.py, compute_selective_curve() - test prints
2026-05-04 14:30:06 | STDOUT | Test: selective.py, compute_selective_curve() - test prints
2026-05-04 14:31:16 | STDOUT | Test: selective.py, compute_selective_curve() - test prints
2026-05-04 14:32:25 | STDOUT | Test: selective.py, compute_selective_curve() - test prints
2026-05-04 14:32:29 | STDOUT | Test: selective.py, compute_selective_curve() - test prints
2026-05-04 14:32:33 | STDOUT | Test: selective.py, compute_selective_curve() - test prints
2026-05-04 14:33:30 | STDOUT | Test: selective.py, compute_selective_curve() - test prints
2026-05-04 14:34:28 | STDOUT | Test: selective.py, compute_selective_curve() - test prints
2026-05-04 14:35:37 | STDOUT | Test: selective.py, compute_selective_curve() - test prints
2026-05-04 14:36:47 | STDOUT | Test: selective.py, compute_selective_curve() - test prints
2026-05-04 14:36:50 | STDOUT | Test: selective.py, compute_selective_curve() - test prints
2026-05-04 14:36:54 | STDOUT | Test: selective.py, compute_selective_curve() - test prints
2026-05-04 14:37:52 | STDOUT | Test: selective.py, compute_selective_curve() - test prints
2026-05-04 14:38:49 | STDOUT | Test: selective.py, compute_selective_curve() - test prints
2026-05-04 14:40:00 | STDOUT | Test: selective.py, compute_selective_curve() - test prints
2026-05-04 14:41:12 | STDOUT | [PHASE: Selective Analysis] Complete [OK]
