2026-05-04 01:19:36 | STDOUT | 2026-05-04 01:19:36,322 | INFO | Run root: runs/selective_synth_cond_var/20260504_011936
2026-05-04 01:19:36 | STDOUT | 2026-05-04 01:19:36,322 | INFO | Config saved to runs/selective_synth_cond_var/20260504_011936/config.json
2026-05-04 01:19:44 | STDOUT | Running Selective Prediction experiment...
2026-05-04 01:21:04 | STDOUT | Uncertainty config: {'measures': [{'name': 'differential_entropy', 'params': {'decomposition': 'total', 'label': 'differential_entropy_total'}}, {'name': 'differential_entropy', 'params': {'decomposition': 'aleatoric', 'label': 'differential_entropy_aleatoric'}}, {'name': 'differential_entropy', 'params': {'decomposition': 'epistemic', 'label': 'differential_entropy_epistemic'}}, {'name': 'variance', 'params': {'decomposition': 'total', 'label': 'variance_total'}}, {'name': 'variance', 'params': {'decomposition': 'aleatoric', 'label': 'variance_aleatoric'}}, {'name': 'variance', 'params': {'decomposition': 'epistemic', 'label': 'variance_epistemic'}}, {'name': 'alpha_volume', 'params': {'decomposition': 'total', 'label': 'alpha_volume_total_5%', 'alpha': 0.05}}, {'name': 'alpha_volume', 'params': {'decomposition': 'aleatoric', 'label': 'alpha_volume_aleatoric_5%', 'alpha': 0.05}}, {'name': 'alpha_volume', 'params': {'decomposition': 'epistemic', 'label': 'alpha_volume_epistemic_5%', 'alpha': 0.05, 'mc_n_samples': 10000}}, {'name': 'integrated_volume', 'params': {'decomposition': 'total', 'scope': 'global', 'label': 'integrated_volume_total', 'n_alpha': 10}}, {'name': 'integrated_volume', 'params': {'decomposition': 'aleatoric', 'scope': 'global', 'label': 'integrated_volume_aleatoric', 'n_alpha': 10}}, {'name': 'integrated_volume', 'params': {'decomposition': 'epistemic', 'scope': 'global', 'label': 'integrated_volume_epistemic', 'mc_n_samples': 10000, 'n_alpha': 10}}]}
2026-05-04 02:02:23 | STDOUT | Running selective analysis...
2026-05-04 02:02:23 | STDOUT | runs/selective_synth_cond_var/20260504_011936
2026-05-04 02:02:23 | STDOUT | Test: selective.py, compute_selective_curve() - test prints
2026-05-04 02:02:24 | STDOUT | Test: selective.py, compute_selective_curve() - test prints
2026-05-04 02:02:25 | STDOUT | Test: selective.py, compute_selective_curve() - test prints
2026-05-04 02:02:34 | STDOUT | Test: selective.py, compute_selective_curve() - test prints
2026-05-04 02:02:41 | STDOUT | Test: selective.py, compute_selective_curve() - test prints
2026-05-04 02:02:50 | STDOUT | Test: selective.py, compute_selective_curve() - test prints
2026-05-04 02:02:59 | STDOUT | Test: selective.py, compute_selective_curve() - test prints
2026-05-04 02:03:00 | STDOUT | Test: selective.py, compute_selective_curve() - test prints
2026-05-04 02:03:01 | STDOUT | Test: selective.py, compute_selective_curve() - test prints
2026-05-04 02:03:09 | STDOUT | Test: selective.py, compute_selective_curve() - test prints
2026-05-04 02:03:18 | STDOUT | Test: selective.py, compute_selective_curve() - test prints
2026-05-04 02:03:27 | STDOUT | Test: selective.py, compute_selective_curve() - test prints
2026-05-04 02:03:36 | STDOUT | Test: selective.py, compute_selective_curve() - test prints
2026-05-04 02:03:37 | STDOUT | Test: selective.py, compute_selective_curve() - test prints
2026-05-04 02:03:38 | STDOUT | Test: selective.py, compute_selective_curve() - test prints
2026-05-04 02:03:46 | STDOUT | Test: selective.py, compute_selective_curve() - test prints
2026-05-04 02:03:53 | STDOUT | Test: selective.py, compute_selective_curve() - test prints
2026-05-04 02:04:03 | STDOUT | Test: selective.py, compute_selective_curve() - test prints
2026-05-04 02:04:12 | STDOUT | Test: selective.py, compute_selective_curve() - test prints
2026-05-04 02:04:13 | STDOUT | Test: selective.py, compute_selective_curve() - test prints
2026-05-04 02:04:14 | STDOUT | Test: selective.py, compute_selective_curve() - test prints
2026-05-04 02:04:22 | STDOUT | Test: selective.py, compute_selective_curve() - test prints
2026-05-04 02:04:29 | STDOUT | Test: selective.py, compute_selective_curve() - test prints
2026-05-04 02:04:39 | STDOUT | Test: selective.py, compute_selective_curve() - test prints
2026-05-04 02:04:48 | STDOUT | Test: selective.py, compute_selective_curve() - test prints
2026-05-04 02:04:49 | STDOUT | Test: selective.py, compute_selective_curve() - test prints
2026-05-04 02:04:50 | STDOUT | Test: selective.py, compute_selective_curve() - test prints
2026-05-04 02:04:58 | STDOUT | Test: selective.py, compute_selective_curve() - test prints
2026-05-04 02:05:05 | STDOUT | Test: selective.py, compute_selective_curve() - test prints
2026-05-04 02:05:15 | STDOUT | Test: selective.py, compute_selective_curve() - test prints
2026-05-04 02:05:24 | STDOUT | Test: selective.py, compute_selective_curve() - test prints
2026-05-04 02:05:25 | STDOUT | Test: selective.py, compute_selective_curve() - test prints
2026-05-04 02:05:26 | STDOUT | Test: selective.py, compute_selective_curve() - test prints
2026-05-04 02:05:34 | STDOUT | Test: selective.py, compute_selective_curve() - test prints
2026-05-04 02:05:41 | STDOUT | Test: selective.py, compute_selective_curve() - test prints
2026-05-04 02:05:52 | STDOUT | Test: selective.py, compute_selective_curve() - test prints
2026-05-04 02:06:02 | STDOUT | Test: selective.py, compute_selective_curve() - test prints
2026-05-04 02:06:03 | STDOUT | Test: selective.py, compute_selective_curve() - test prints
2026-05-04 02:06:04 | STDOUT | Test: selective.py, compute_selective_curve() - test prints
2026-05-04 02:06:12 | STDOUT | Test: selective.py, compute_selective_curve() - test prints
2026-05-04 02:06:21 | STDOUT | Test: selective.py, compute_selective_curve() - test prints
2026-05-04 02:06:31 | STDOUT | Test: selective.py, compute_selective_curve() - test prints
2026-05-04 02:06:41 | STDOUT | Test: selective.py, compute_selective_curve() - test prints
2026-05-04 02:06:42 | STDOUT | Test: selective.py, compute_selective_curve() - test prints
2026-05-04 02:06:43 | STDOUT | Test: selective.py, compute_selective_curve() - test prints
2026-05-04 02:06:51 | STDOUT | Test: selective.py, compute_selective_curve() - test prints
2026-05-04 02:07:00 | STDOUT | Test: selective.py, compute_selective_curve() - test prints
2026-05-04 02:07:10 | STDOUT | Test: selective.py, compute_selective_curve() - test prints
2026-05-04 02:07:19 | STDOUT | Test: selective.py, compute_selective_curve() - test prints
2026-05-04 02:07:20 | STDOUT | Test: selective.py, compute_selective_curve() - test prints
2026-05-04 02:07:21 | STDOUT | Test: selective.py, compute_selective_curve() - test prints
2026-05-04 02:07:29 | STDOUT | Test: selective.py, compute_selective_curve() - test prints
2026-05-04 02:07:36 | STDOUT | Test: selective.py, compute_selective_curve() - test prints
2026-05-04 02:07:46 | STDOUT | Test: selective.py, compute_selective_curve() - test prints
2026-05-04 02:07:56 | STDOUT | Test: selective.py, compute_selective_curve() - test prints
2026-05-04 02:07:57 | STDOUT | Test: selective.py, compute_selective_curve() - test prints
2026-05-04 02:07:58 | STDOUT | Test: selective.py, compute_selective_curve() - test prints
2026-05-04 02:08:06 | STDOUT | Test: selective.py, compute_selective_curve() - test prints
2026-05-04 02:08:14 | STDOUT | Test: selective.py, compute_selective_curve() - test prints
2026-05-04 02:08:23 | STDOUT | Test: selective.py, compute_selective_curve() - test prints
2026-05-04 02:08:32 | STDOUT | Test: selective.py, compute_selective_curve() - test prints
2026-05-04 02:08:33 | STDOUT | Test: selective.py, compute_selective_curve() - test prints
2026-05-04 02:08:34 | STDOUT | Test: selective.py, compute_selective_curve() - test prints
2026-05-04 02:08:42 | STDOUT | Test: selective.py, compute_selective_curve() - test prints
2026-05-04 02:08:50 | STDOUT | Test: selective.py, compute_selective_curve() - test prints
2026-05-04 02:08:59 | STDOUT | Test: selective.py, compute_selective_curve() - test prints
2026-05-04 02:09:08 | STDOUT | Test: selective.py, compute_selective_curve() - test prints
2026-05-04 02:09:09 | STDOUT | Test: selective.py, compute_selective_curve() - test prints
2026-05-04 02:09:10 | STDOUT | Test: selective.py, compute_selective_curve() - test prints
2026-05-04 02:09:18 | STDOUT | Test: selective.py, compute_selective_curve() - test prints
2026-05-04 02:09:26 | STDOUT | Test: selective.py, compute_selective_curve() - test prints
2026-05-04 02:09:35 | STDOUT | Test: selective.py, compute_selective_curve() - test prints
